// Jest Snapshot v1, https://goo.gl/fbAQLP

exports[`LoadingSpinner should render a Box component with the correct styles 1`] = `
<div>
  <div
    class="css-1lcwyqq"
    data-testid="loading-spinner-box"
  >
    <div
      class="chakra-spinner css-1y7joxr"
    >
      <span
        class="css-8b45rq"
      >
        Loading...
      </span>
    </div>
  </div>
</div>
`;
