// Jest Snapshot v1, https://goo.gl/fbAQLP

exports[`Pagination Component renders correctly 1`] = `
<div>
  <div
    class="chakra-stack css-r3l8tq"
  >
    <div
      class="chakra-stack css-1r1rpqn"
    >
      <button
        class="chakra-button css-57a4je"
        secondary=""
        type="button"
      >
        &lt; Previous
      </button>
      <div
        class="chakra-stack css-1igwmid"
      >
        <button
          class="chakra-button css-17vol85"
          type="button"
        >
          1
        </button>
        <button
          class="chakra-button css-bdyd46"
          type="button"
        >
          2
        </button>
        <button
          class="chakra-button css-bdyd46"
          type="button"
        >
          3
        </button>
        <button
          class="chakra-button css-bdyd46"
          type="button"
        >
          4
        </button>
        <button
          class="chakra-button css-bdyd46"
          type="button"
        >
          5
        </button>
      </div>
      <button
        class="chakra-button css-57a4je"
        type="button"
      >
        Next &gt;
      </button>
    </div>
  </div>
</div>
`;
